[mission 00:12:44] mission 'vlfm_suburb250_3robot': 1 iteration(s), 7 step(s), 3 robot(s), up to 2 attempt(s)/iteration
[mission 00:12:44] results → /home/krrishjain/SEI-COA/disaster-dataset/osmo/results/vlfm_suburb250_3robot/2026-08-27_04-12-44
[mission 00:12:44] ━━━ iteration 1/1 ━━━
[mission 00:12:44] airstack status  (NUM_ROBOTS=3, COMPOSE_PROFILES=<from .env>)
[mission 00:12:44] airstack up isaac-sim robot-desktop gcs offboard-compute (NUM_ROBOTS=3, COMPOSE_PROFILES=<from .env>)
[mission 00:12:52] waiting for PX4: connected=[] pending=[1, 2, 3] elapsed=6s
[mission 00:13:19] waiting for PX4: connected=[] pending=[1, 2, 3] elapsed=33s
[mission 00:13:39] waiting for PX4: connected=[] pending=[1, 2, 3] elapsed=54s
[mission 00:14:03] waiting for PX4: connected=[] pending=[1, 2, 3] elapsed=77s
[mission 00:14:28] waiting for PX4: connected=[] pending=[1, 2, 3] elapsed=102s
[mission 00:14:51] waiting for PX4: connected=[] pending=[1, 2, 3] elapsed=125s
[mission 00:15:15] waiting for PX4: connected=[] pending=[1, 2, 3] elapsed=150s
[mission 00:15:40] waiting for PX4: connected=[] pending=[1, 2, 3] elapsed=174s
[mission 00:16:04] waiting for PX4: connected=[] pending=[1, 2, 3] elapsed=198s
[mission 00:16:39] waiting for PX4: connected=[3] pending=[1, 2] elapsed=233s
[mission 00:17:02] waiting for PX4: connected=[1, 3] pending=[2] elapsed=256s
[mission 00:17:17] waiting for PX4: connected=[1, 3] pending=[2] elapsed=272s
[mission 00:17:33] waiting for PX4: connected=[1, 3] pending=[2] elapsed=287s
[mission 00:17:49] waiting for PX4: connected=[1, 3] pending=[2] elapsed=303s
[mission 00:18:04] waiting for PX4: connected=[1, 3] pending=[2] elapsed=318s
[mission 00:18:20] waiting for PX4: connected=[1, 3] pending=[2] elapsed=334s
[mission 00:18:35] waiting for PX4: connected=[1, 3] pending=[2] elapsed=349s
[mission 00:19:00] waiting for PX4: connected=[1, 3] pending=[2] elapsed=374s
[mission 00:19:13] waiting for PX4: connected=[1, 3] pending=[2] elapsed=387s
[mission 00:19:31] PX4 ready: {3: 233.27, 1: 249.85, 2: 404.95}
[mission 00:19:34] waiting for GCS action_relay: missing robots [1, 3]
[mission 00:19:45] GCS action_relay ready (419.18s)
[mission 00:19:48] recording [gcs] in disaster-dataset-gcs-1 (domain 0) → /tmp/osmo_bags/gcs (40 topics)
[mission 00:19:51] recording [robot_1] in disaster-dataset-robot-desktop-1 (domain 1) → /tmp/osmo_bags/robot_1 (17 topics)
[mission 00:19:53] recording [robot_2] in disaster-dataset-robot-desktop-1 (domain 2) → /tmp/osmo_bags/robot_2 (17 topics)
[mission 00:19:56] recording [robot_3] in disaster-dataset-robot-desktop-1 (domain 3) → /tmp/osmo_bags/robot_3 (17 topics)
[mission 00:19:56] step 1: run [robot_1] for i in $(seq 1 90); do
  d=$(curl -sf http://offboard-compute:8200/health 2>/dev/null | grep -c '"status": *"ok"')
  t=$(curl -sf http://offboard-compute:8100/health 2>/dev/null | grep -c '"status": *"ok"')
  if [ "$d" = "1" ] && [ "$t" = "1" ]; then
    echo OFFBOARD_READY; curl -s http://offboard-compute:8200/health | head -c 300; echo
    curl -s http://offboard-compute:8100/health | head -c 200; echo; exit 0
  fi
  sleep 10
done
echo OFFBOARD_NOT_READY; exit 1

[mission 00:19:57] step 1: OK (1.05s)
[mission 00:19:57] step 2: action takeoff {"target_altitude_m": 12.0, "velocity_m_s": 2.0} via gcs → robots [1, 2, 3]
[mission 00:19:57] step 2: sending takeoff to robot_1 (attempt 1/3)
[mission 00:19:57] step 2: sending takeoff to robot_2 (attempt 1/3)
[mission 00:19:57] step 2: sending takeoff to robot_3 (attempt 1/3)
[mission 00:20:07] step 2: takeoff robot_2 succeeded
[mission 00:20:18] step 2: takeoff robot_1 succeeded
[mission 00:20:19] step 2: takeoff robot_3 succeeded
[mission 00:20:19] step 2: OK (21.53s)
[mission 00:20:19] step 3: wait 5.0s
[mission 00:20:24] step 3: OK (5.0s)
[mission 00:20:24] step 4: run [robot_{n}] mkdir -p /tmp/search
CFG=$(ros2 pkg prefix search_baselines)/share/search_baselines/config
nohup ros2 launch search_baselines vlfm.launch.xml \
  scene_params_file:=$CFG/suburb_mini.yaml \
  > /tmp/search/planner.log 2>&1 &
echo $! > /tmp/search/planner.pid
sleep 25
if kill -0 "$(cat /tmp/search/planner.pid)" 2>/dev/null; then
  echo PLANNER_STARTED; grep -a -E "sector [0-9]+/|search_planner starting" /tmp/search/planner.log | head -2 || true
else
  echo PLANNER_DEAD; tail -n 60 /tmp/search/planner.log; exit 1
fi
 → robots [1, 2, 3]
[mission 00:21:43] step 4: OK (79.27s)
[mission 00:21:43] step 5: run [robot_{n}] for i in $(seq 1 240); do
  if timeout 10 ros2 topic echo /{robot}/search/run_complete --once 2>/dev/null | grep -q "data: true"; then
    echo RUN_COMPLETE; exit 0
  fi
  kill -0 "$(cat /tmp/search/planner.pid)" 2>/dev/null || {
    echo PLANNER_EXITED; tail -n 60 /tmp/search/planner.log; exit 1; }
  sleep 15
done
echo RUN_DID_NOT_COMPLETE; tail -n 40 /tmp/search/planner.log; exit 1
 → robots [1, 2, 3]
