disaster-dataset-robot-desktop-1 [2026-08-27 04:12:46] procs=0 estab=0 ddstcp=0 cpu=
disaster-dataset-robot-desktop-2 [2026-08-27 04:12:46] procs=0 estab=0 ddstcp=0 cpu=
disaster-dataset-robot-desktop-3 [2026-08-27 04:12:46] procs=0 estab=0 ddstcp=0 cpu=
disaster-dataset-gcs-1 [2026-08-27 04:12:47] procs=0 estab=0 ddstcp=0 cpu=
disaster-dataset-robot-desktop-1 [2026-08-27 04:12:52] procs=0 estab=0 ddstcp=0 cpu=
disaster-dataset-robot-desktop-2 [2026-08-27 04:12:52] procs=0 estab=0 ddstcp=0 cpu=
disaster-dataset-robot-desktop-3 [2026-08-27 04:12:52] procs=0 estab=0 ddstcp=0 cpu=
disaster-dataset-gcs-1 [2026-08-27 04:12:53] procs=0 estab=0 ddstcp=0 cpu=
disaster-dataset-robot-desktop-1 [2026-08-27 04:12:58] procs=0 estab=0 ddstcp=0 cpu=
disaster-dataset-robot-desktop-2 [2026-08-27 04:12:58] procs=0 estab=0 ddstcp=0 cpu=
disaster-dataset-robot-desktop-3 [2026-08-27 04:12:58] procs=0 estab=0 ddstcp=0 cpu=
disaster-dataset-gcs-1 [2026-08-27 04:12:58] procs=1 estab=0 ddstcp=0 cpu= 2.2,
disaster-dataset-robot-desktop-1 [2026-08-27 04:13:04] procs=0 estab=0 ddstcp=0 cpu=
disaster-dataset-robot-desktop-2 [2026-08-27 04:13:04] procs=0 estab=0 ddstcp=0 cpu=
disaster-dataset-robot-desktop-3 [2026-08-27 04:13:04] procs=2 estab=0 ddstcp=0 cpu=11.6, 7.1,
disaster-dataset-gcs-1 [2026-08-27 04:13:04] procs=1 estab=0 ddstcp=0 cpu= 1.5,
disaster-dataset-robot-desktop-1 [2026-08-27 04:13:09] procs=0 estab=0 ddstcp=0 cpu=
disaster-dataset-robot-desktop-2 [2026-08-27 04:13:09] procs=0 estab=0 ddstcp=0 cpu=
disaster-dataset-robot-desktop-3 [2026-08-27 04:13:09] procs=2 estab=0 ddstcp=0 cpu= 7.9, 5.1,
disaster-dataset-gcs-1 [2026-08-27 04:13:09] procs=1 estab=0 ddstcp=0 cpu= 1.0,
disaster-dataset-robot-desktop-1 [2026-08-27 04:13:15] procs=0 estab=0 ddstcp=0 cpu=
disaster-dataset-robot-desktop-2 [2026-08-27 04:13:15] procs=2 estab=0 ddstcp=0 cpu= 9.3, 7.2,
disaster-dataset-robot-desktop-3 [2026-08-27 04:13:15] procs=2 estab=0 ddstcp=0 cpu= 5.2, 3.3,
disaster-dataset-gcs-1 [2026-08-27 04:13:15] procs=1 estab=0 ddstcp=0 cpu= 0.8,
disaster-dataset-robot-desktop-1 [2026-08-27 04:13:21] procs=0 estab=0 ddstcp=0 cpu=
disaster-dataset-robot-desktop-2 [2026-08-27 04:13:21] procs=2 estab=0 ddstcp=0 cpu= 6.7, 5.3,
disaster-dataset-robot-desktop-3 [2026-08-27 04:13:21] procs=2 estab=0 ddstcp=0 cpu= 3.9, 2.5,
disaster-dataset-gcs-1 [2026-08-27 04:13:21] procs=1 estab=0 ddstcp=0 cpu= 0.7,
disaster-dataset-robot-desktop-1 [2026-08-27 04:13:27] procs=0 estab=0 ddstcp=0 cpu=
disaster-dataset-robot-desktop-2 [2026-08-27 04:13:27] procs=2 estab=0 ddstcp=0 cpu= 4.0, 3.0,
disaster-dataset-robot-desktop-3 [2026-08-27 04:13:27] procs=2 estab=0 ddstcp=0 cpu= 3.0, 2.0,
disaster-dataset-gcs-1 [2026-08-27 04:13:27] procs=1 estab=0 ddstcp=0 cpu= 0.6,
disaster-dataset-robot-desktop-1 [2026-08-27 04:13:33] procs=2 estab=0 ddstcp=0 cpu= 8.5, 6.8,
disaster-dataset-robot-desktop-2 [2026-08-27 04:13:33] procs=2 estab=0 ddstcp=0 cpu= 3.0, 2.3,
disaster-dataset-robot-desktop-3 [2026-08-27 04:13:33] procs=2 estab=0 ddstcp=0 cpu= 2.6, 1.7,
disaster-dataset-gcs-1 [2026-08-27 04:13:33] procs=1 estab=0 ddstcp=0 cpu= 0.5,
disaster-dataset-robot-desktop-1 [2026-08-27 04:13:38] procs=2 estab=0 ddstcp=0 cpu= 6.9, 4.8,
disaster-dataset-robot-desktop-2 [2026-08-27 04:13:38] procs=2 estab=0 ddstcp=0 cpu= 2.7, 1.9,
disaster-dataset-robot-desktop-3 [2026-08-27 04:13:38] procs=2 estab=0 ddstcp=0 cpu= 2.3, 1.5,
disaster-dataset-gcs-1 [2026-08-27 04:13:39] procs=1 estab=0 ddstcp=0 cpu= 0.5,
disaster-dataset-robot-desktop-1 [2026-08-27 04:13:44] procs=2 estab=0 ddstcp=0 cpu= 4.3, 3.0,
disaster-dataset-robot-desktop-2 [2026-08-27 04:13:44] procs=2 estab=0 ddstcp=0 cpu= 2.3, 1.7,
disaster-dataset-robot-desktop-3 [2026-08-27 04:13:44] procs=2 estab=0 ddstcp=0 cpu= 2.1, 1.4,
disaster-dataset-gcs-1 [2026-08-27 04:13:44] procs=1 estab=0 ddstcp=0 cpu= 0.5,
disaster-dataset-robot-desktop-1 [2026-08-27 04:13:49] procs=2 estab=0 ddstcp=0 cpu= 3.2, 2.2,
disaster-dataset-robot-desktop-2 [2026-08-27 04:13:49] procs=2 estab=0 ddstcp=0 cpu= 2.0, 1.5,
disaster-dataset-robot-desktop-3 [2026-08-27 04:13:49] procs=2 estab=0 ddstcp=0 cpu= 1.9, 1.3,
disaster-dataset-gcs-1 [2026-08-27 04:13:50] procs=1 estab=0 ddstcp=0 cpu= 0.5,
disaster-dataset-robot-desktop-1 [2026-08-27 04:13:55] procs=2 estab=0 ddstcp=0 cpu= 2.7, 2.0,
disaster-dataset-robot-desktop-2 [2026-08-27 04:13:55] procs=2 estab=0 ddstcp=0 cpu= 1.8, 1.3,
disaster-dataset-robot-desktop-3 [2026-08-27 04:13:55] procs=2 estab=0 ddstcp=0 cpu= 1.7, 1.2,
disaster-dataset-gcs-1 [2026-08-27 04:13:55] procs=1 estab=0 ddstcp=0 cpu= 0.4,
disaster-dataset-robot-desktop-1 [2026-08-27 04:14:01] procs=2 estab=0 ddstcp=0 cpu= 2.2, 1.6,
disaster-dataset-robot-desktop-2 [2026-08-27 04:14:01] procs=2 estab=0 ddstcp=0 cpu= 1.7, 1.3,
disaster-dataset-robot-desktop-3 [2026-08-27 04:14:01] procs=2 estab=0 ddstcp=0 cpu= 1.6, 1.1,
disaster-dataset-gcs-1 [2026-08-27 04:14:01] procs=1 estab=0 ddstcp=0 cpu= 0.4,
disaster-dataset-robot-desktop-1 [2026-08-27 04:14:07] procs=2 estab=0 ddstcp=0 cpu= 1.9, 1.4,
disaster-dataset-robot-desktop-2 [2026-08-27 04:14:07] procs=2 estab=0 ddstcp=0 cpu= 1.5, 1.2,
disaster-dataset-robot-desktop-3 [2026-08-27 04:14:07] procs=2 estab=0 ddstcp=0 cpu= 1.6, 1.1,
disaster-dataset-gcs-1 [2026-08-27 04:14:07] procs=1 estab=0 ddstcp=0 cpu= 0.4,
disaster-dataset-robot-desktop-1 [2026-08-27 04:14:12] procs=2 estab=0 ddstcp=0 cpu= 1.7, 1.3,
disaster-dataset-robot-desktop-2 [2026-08-27 04:14:12] procs=2 estab=0 ddstcp=0 cpu= 1.4, 1.1,
disaster-dataset-robot-desktop-3 [2026-08-27 04:14:12] procs=2 estab=0 ddstcp=0 cpu= 1.5, 1.1,
disaster-dataset-gcs-1 [2026-08-27 04:14:12] procs=1 estab=0 ddstcp=0 cpu= 0.3,
disaster-dataset-robot-desktop-1 [2026-08-27 04:14:18] procs=2 estab=0 ddstcp=0 cpu= 1.6, 1.2,
disaster-dataset-robot-desktop-2 [2026-08-27 04:14:18] procs=2 estab=0 ddstcp=0 cpu= 1.3, 1.0,
disaster-dataset-robot-desktop-3 [2026-08-27 04:14:18] procs=2 estab=0 ddstcp=0 cpu= 1.4, 1.0,
disaster-dataset-gcs-1 [2026-08-27 04:14:18] procs=1 estab=0 ddstcp=0 cpu= 0.3,
disaster-dataset-robot-desktop-1 [2026-08-27 04:14:23] procs=2 estab=0 ddstcp=0 cpu= 1.5, 1.1,
disaster-dataset-robot-desktop-2 [2026-08-27 04:14:23] procs=2 estab=0 ddstcp=0 cpu= 1.3, 1.0,
disaster-dataset-robot-desktop-3 [2026-08-27 04:14:23] procs=2 estab=0 ddstcp=0 cpu= 1.3, 1.0,
disaster-dataset-gcs-1 [2026-08-27 04:14:23] procs=1 estab=0 ddstcp=0 cpu= 0.3,
disaster-dataset-robot-desktop-1 [2026-08-27 04:14:29] procs=2 estab=0 ddstcp=0 cpu= 1.3, 1.1,
disaster-dataset-robot-desktop-2 [2026-08-27 04:14:29] procs=2 estab=0 ddstcp=0 cpu= 1.2, 1.0,
disaster-dataset-robot-desktop-3 [2026-08-27 04:14:29] procs=2 estab=0 ddstcp=0 cpu= 1.3, 1.0,
disaster-dataset-gcs-1 [2026-08-27 04:14:29] procs=1 estab=0 ddstcp=0 cpu= 0.3,
disaster-dataset-robot-desktop-1 [2026-08-27 04:14:35] procs=2 estab=0 ddstcp=0 cpu= 1.2, 1.0,
disaster-dataset-robot-desktop-2 [2026-08-27 04:14:35] procs=2 estab=0 ddstcp=0 cpu= 1.1, 0.9,
disaster-dataset-robot-desktop-3 [2026-08-27 04:14:35] procs=2 estab=0 ddstcp=0 cpu= 1.2, 1.0,
disaster-dataset-gcs-1 [2026-08-27 04:14:35] procs=1 estab=0 ddstcp=0 cpu= 0.3,
disaster-dataset-robot-desktop-1 [2026-08-27 04:14:40] procs=2 estab=0 ddstcp=0 cpu= 1.2, 1.0,
disaster-dataset-robot-desktop-2 [2026-08-27 04:14:40] procs=2 estab=0 ddstcp=0 cpu= 1.1, 0.9,
disaster-dataset-robot-desktop-3 [2026-08-27 04:14:41] procs=2 estab=0 ddstcp=0 cpu= 1.2, 0.9,
disaster-dataset-gcs-1 [2026-08-27 04:14:41] procs=1 estab=0 ddstcp=0 cpu= 0.3,
disaster-dataset-robot-desktop-1 [2026-08-27 04:14:46] procs=2 estab=0 ddstcp=0 cpu= 1.2, 0.9,
disaster-dataset-robot-desktop-2 [2026-08-27 04:14:46] procs=2 estab=0 ddstcp=0 cpu= 1.1, 0.9,
disaster-dataset-robot-desktop-3 [2026-08-27 04:14:46] procs=2 estab=0 ddstcp=0 cpu= 1.1, 0.9,
disaster-dataset-gcs-1 [2026-08-27 04:14:46] procs=1 estab=0 ddstcp=0 cpu= 0.3,
disaster-dataset-robot-desktop-1 [2026-08-27 04:14:51] procs=2 estab=0 ddstcp=0 cpu= 1.1, 0.9,
disaster-dataset-robot-desktop-2 [2026-08-27 04:14:51] procs=2 estab=0 ddstcp=0 cpu= 1.0, 0.8,
disaster-dataset-robot-desktop-3 [2026-08-27 04:14:52] procs=2 estab=0 ddstcp=0 cpu= 1.1, 0.9,
disaster-dataset-gcs-1 [2026-08-27 04:14:52] procs=1 estab=0 ddstcp=0 cpu= 0.3,
disaster-dataset-robot-desktop-1 [2026-08-27 04:14:57] procs=2 estab=0 ddstcp=0 cpu= 1.0, 0.8,
disaster-dataset-robot-desktop-2 [2026-08-27 04:14:57] procs=2 estab=0 ddstcp=0 cpu= 1.0, 0.8,
disaster-dataset-robot-desktop-3 [2026-08-27 04:14:57] procs=2 estab=0 ddstcp=0 cpu= 1.1, 0.9,
disaster-dataset-gcs-1 [2026-08-27 04:14:57] procs=1 estab=0 ddstcp=0 cpu= 0.2,
disaster-dataset-robot-desktop-1 [2026-08-27 04:15:02] procs=2 estab=0 ddstcp=0 cpu= 1.0, 0.8,
disaster-dataset-robot-desktop-2 [2026-08-27 04:15:02] procs=2 estab=0 ddstcp=0 cpu= 0.9, 0.8,
disaster-dataset-robot-desktop-3 [2026-08-27 04:15:03] procs=2 estab=0 ddstcp=0 cpu= 1.1, 0.9,
disaster-dataset-gcs-1 [2026-08-27 04:15:03] procs=1 estab=0 ddstcp=0 cpu= 0.2,
disaster-dataset-robot-desktop-1 [2026-08-27 04:15:08] procs=2 estab=0 ddstcp=0 cpu= 1.0, 0.8,
disaster-dataset-robot-desktop-2 [2026-08-27 04:15:09] procs=2 estab=0 ddstcp=0 cpu= 1.0, 0.8,
disaster-dataset-robot-desktop-3 [2026-08-27 04:15:09] procs=2 estab=0 ddstcp=0 cpu= 1.0, 0.9,
disaster-dataset-gcs-1 [2026-08-27 04:15:09] procs=1 estab=0 ddstcp=0 cpu= 0.2,
disaster-dataset-robot-desktop-1 [2026-08-27 04:15:14] procs=2 estab=0 ddstcp=0 cpu= 0.9, 0.8,
disaster-dataset-robot-desktop-2 [2026-08-27 04:15:14] procs=2 estab=0 ddstcp=0 cpu= 0.9, 0.8,
disaster-dataset-robot-desktop-3 [2026-08-27 04:15:14] procs=2 estab=0 ddstcp=0 cpu= 1.0, 0.9,
disaster-dataset-gcs-1 [2026-08-27 04:15:14] procs=1 estab=0 ddstcp=0 cpu= 0.2,
disaster-dataset-robot-desktop-1 [2026-08-27 04:15:19] procs=2 estab=0 ddstcp=0 cpu= 0.9, 0.8,
disaster-dataset-robot-desktop-2 [2026-08-27 04:15:19] procs=2 estab=0 ddstcp=0 cpu= 0.9, 0.7,
disaster-dataset-robot-desktop-3 [2026-08-27 04:15:20] procs=2 estab=0 ddstcp=0 cpu= 1.0, 0.9,
disaster-dataset-gcs-1 [2026-08-27 04:15:20] procs=1 estab=0 ddstcp=0 cpu= 0.2,
disaster-dataset-robot-desktop-1 [2026-08-27 04:15:25] procs=2 estab=0 ddstcp=0 cpu= 0.9, 0.7,
disaster-dataset-robot-desktop-2 [2026-08-27 04:15:25] procs=2 estab=0 ddstcp=0 cpu= 0.9, 0.7,
disaster-dataset-robot-desktop-3 [2026-08-27 04:15:25] procs=2 estab=0 ddstcp=0 cpu= 1.0, 0.9,
disaster-dataset-gcs-1 [2026-08-27 04:15:25] procs=1 estab=0 ddstcp=0 cpu= 0.2,
disaster-dataset-robot-desktop-1 [2026-08-27 04:15:30] procs=2 estab=0 ddstcp=0 cpu= 0.9, 0.7,
disaster-dataset-robot-desktop-2 [2026-08-27 04:15:30] procs=2 estab=0 ddstcp=0 cpu= 0.9, 0.7,
disaster-dataset-robot-desktop-3 [2026-08-27 04:15:30] procs=2 estab=0 ddstcp=0 cpu= 0.9, 0.8,
disaster-dataset-gcs-1 [2026-08-27 04:15:31] procs=1 estab=0 ddstcp=0 cpu= 0.2,
disaster-dataset-robot-desktop-1 [2026-08-27 04:15:36] procs=2 estab=0 ddstcp=0 cpu= 0.8, 0.7,
disaster-dataset-robot-desktop-2 [2026-08-27 04:15:36] procs=2 estab=0 ddstcp=0 cpu= 0.9, 0.7,
disaster-dataset-robot-desktop-3 [2026-08-27 04:15:36] procs=2 estab=0 ddstcp=0 cpu= 0.9, 0.8,
disaster-dataset-gcs-1 [2026-08-27 04:15:36] procs=1 estab=0 ddstcp=0 cpu= 0.2,
disaster-dataset-robot-desktop-1 [2026-08-27 04:15:42] procs=2 estab=0 ddstcp=0 cpu= 0.8, 0.7,
disaster-dataset-robot-desktop-2 [2026-08-27 04:15:42] procs=2 estab=0 ddstcp=0 cpu= 0.8, 0.7,
disaster-dataset-robot-desktop-3 [2026-08-27 04:15:42] procs=2 estab=0 ddstcp=0 cpu= 0.9, 0.8,
disaster-dataset-gcs-1 [2026-08-27 04:15:42] procs=1 estab=0 ddstcp=0 cpu= 0.2,
disaster-dataset-robot-desktop-1 [2026-08-27 04:15:48] procs=2 estab=0 ddstcp=0 cpu= 0.8, 0.7,
disaster-dataset-robot-desktop-2 [2026-08-27 04:15:48] procs=2 estab=0 ddstcp=0 cpu= 0.8, 0.7,
disaster-dataset-robot-desktop-3 [2026-08-27 04:15:48] procs=2 estab=0 ddstcp=0 cpu= 0.9, 0.8,
disaster-dataset-gcs-1 [2026-08-27 04:15:48] procs=1 estab=0 ddstcp=0 cpu= 0.2,
disaster-dataset-robot-desktop-1 [2026-08-27 04:15:53] procs=2 estab=0 ddstcp=0 cpu= 0.8, 0.7,
disaster-dataset-robot-desktop-2 [2026-08-27 04:15:53] procs=2 estab=0 ddstcp=0 cpu= 0.8, 0.7,
disaster-dataset-robot-desktop-3 [2026-08-27 04:15:53] procs=2 estab=0 ddstcp=0 cpu= 0.9, 0.8,
disaster-dataset-gcs-1 [2026-08-27 04:15:53] procs=1 estab=0 ddstcp=0 cpu= 0.2,
disaster-dataset-robot-desktop-1 [2026-08-27 04:15:58] procs=2 estab=0 ddstcp=0 cpu= 0.8, 0.7,
disaster-dataset-robot-desktop-2 [2026-08-27 04:15:59] procs=2 estab=0 ddstcp=0 cpu= 0.8, 0.7,
disaster-dataset-robot-desktop-3 [2026-08-27 04:15:59] procs=2 estab=0 ddstcp=0 cpu= 0.9, 0.8,
disaster-dataset-gcs-1 [2026-08-27 04:15:59] procs=1 estab=0 ddstcp=0 cpu= 0.2,
disaster-dataset-robot-desktop-1 [2026-08-27 04:16:04] procs=2 estab=0 ddstcp=0 cpu= 0.8, 0.7,
disaster-dataset-robot-desktop-2 [2026-08-27 04:16:04] procs=2 estab=0 ddstcp=0 cpu= 0.8, 0.7,
disaster-dataset-robot-desktop-3 [2026-08-27 04:16:04] procs=2 estab=0 ddstcp=0 cpu= 0.9, 0.8,
disaster-dataset-gcs-1 [2026-08-27 04:16:04] procs=1 estab=0 ddstcp=0 cpu= 0.2,
disaster-dataset-robot-desktop-1 [2026-08-27 04:16:09] procs=2 estab=0 ddstcp=0 cpu= 0.9, 0.7,
disaster-dataset-robot-desktop-2 [2026-08-27 04:16:09] procs=2 estab=0 ddstcp=0 cpu= 0.9, 0.7,
disaster-dataset-robot-desktop-3 [2026-08-27 04:16:09] procs=2 estab=0 ddstcp=0 cpu= 1.0, 0.8,
disaster-dataset-gcs-1 [2026-08-27 04:16:10] procs=1 estab=0 ddstcp=0 cpu= 0.2,
disaster-dataset-robot-desktop-1 [2026-08-27 04:16:15] procs=2 estab=0 ddstcp=0 cpu= 1.1, 0.7,
disaster-dataset-robot-desktop-2 [2026-08-27 04:16:15] procs=2 estab=0 ddstcp=0 cpu= 1.0, 0.7,
disaster-dataset-robot-desktop-3 [2026-08-27 04:16:16] procs=2 estab=0 ddstcp=0 cpu= 1.2, 0.8,
disaster-dataset-gcs-1 [2026-08-27 04:16:16] procs=1 estab=0 ddstcp=0 cpu= 0.2,
disaster-dataset-robot-desktop-1 [2026-08-27 04:16:21] procs=2 estab=0 ddstcp=0 cpu= 1.3, 0.7,
disaster-dataset-robot-desktop-2 [2026-08-27 04:16:21] procs=2 estab=0 ddstcp=0 cpu= 1.2, 0.7,
disaster-dataset-robot-desktop-3 [2026-08-27 04:16:21] procs=2 estab=0 ddstcp=0 cpu= 1.3, 0.8,
disaster-dataset-gcs-1 [2026-08-27 04:16:21] procs=1 estab=0 ddstcp=0 cpu= 0.2,
disaster-dataset-robot-desktop-1 [2026-08-27 04:16:26] procs=2 estab=0 ddstcp=0 cpu= 1.4, 0.7,
disaster-dataset-robot-desktop-2 [2026-08-27 04:16:26] procs=2 estab=0 ddstcp=0 cpu= 1.3, 0.7,
disaster-dataset-robot-desktop-3 [2026-08-27 04:16:27] procs=2 estab=0 ddstcp=0 cpu= 1.5, 0.8,
disaster-dataset-gcs-1 [2026-08-27 04:16:27] procs=1 estab=0 ddstcp=0 cpu= 0.2,
disaster-dataset-robot-desktop-1 [2026-08-27 04:16:32] procs=2 estab=0 ddstcp=0 cpu= 1.6, 0.7,
disaster-dataset-robot-desktop-2 [2026-08-27 04:16:32] procs=2 estab=0 ddstcp=0 cpu= 1.4, 0.6,
disaster-dataset-robot-desktop-3 [2026-08-27 04:16:32] procs=2 estab=0 ddstcp=0 cpu= 1.6, 0.8,
disaster-dataset-gcs-1 [2026-08-27 04:16:32] procs=1 estab=0 ddstcp=0 cpu= 0.2,
disaster-dataset-robot-desktop-1 [2026-08-27 04:16:37] procs=2 estab=0 ddstcp=0 cpu= 1.7, 0.6,
disaster-dataset-robot-desktop-2 [2026-08-27 04:16:37] procs=2 estab=0 ddstcp=0 cpu= 1.5, 0.6,
disaster-dataset-robot-desktop-3 [2026-08-27 04:16:38] procs=2 estab=0 ddstcp=0 cpu= 1.8, 0.8,
disaster-dataset-gcs-1 [2026-08-27 04:16:38] procs=1 estab=0 ddstcp=0 cpu= 0.2,
disaster-dataset-robot-desktop-1 [2026-08-27 04:16:43] procs=2 estab=0 ddstcp=0 cpu= 1.9, 0.6,
disaster-dataset-robot-desktop-2 [2026-08-27 04:16:43] procs=2 estab=0 ddstcp=0 cpu= 1.6, 0.6,
disaster-dataset-robot-desktop-3 [2026-08-27 04:16:43] procs=2 estab=0 ddstcp=0 cpu= 2.0, 0.8,
disaster-dataset-gcs-1 [2026-08-27 04:16:43] procs=1 estab=0 ddstcp=0 cpu= 0.2,
disaster-dataset-robot-desktop-1 [2026-08-27 04:16:49] procs=2 estab=0 ddstcp=0 cpu= 2.0, 0.6,
disaster-dataset-robot-desktop-2 [2026-08-27 04:16:49] procs=2 estab=0 ddstcp=0 cpu= 1.7, 0.6,
disaster-dataset-robot-desktop-3 [2026-08-27 04:16:49] procs=2 estab=0 ddstcp=0 cpu= 2.1, 0.8,
disaster-dataset-gcs-1 [2026-08-27 04:16:49] procs=1 estab=0 ddstcp=0 cpu= 0.2,
disaster-dataset-robot-desktop-1 [2026-08-27 04:16:54] procs=2 estab=0 ddstcp=0 cpu= 2.2, 0.6,
disaster-dataset-robot-desktop-2 [2026-08-27 04:16:54] procs=2 estab=0 ddstcp=0 cpu= 1.8, 0.6,
disaster-dataset-robot-desktop-3 [2026-08-27 04:16:55] procs=2 estab=0 ddstcp=0 cpu= 2.2, 0.8,
disaster-dataset-gcs-1 [2026-08-27 04:16:55] procs=1 estab=0 ddstcp=0 cpu= 0.2,
disaster-dataset-robot-desktop-1 [2026-08-27 04:17:00] procs=2 estab=0 ddstcp=0 cpu= 2.3, 0.6,
disaster-dataset-robot-desktop-2 [2026-08-27 04:17:00] procs=2 estab=0 ddstcp=0 cpu= 1.9, 0.6,
disaster-dataset-robot-desktop-3 [2026-08-27 04:17:00] procs=2 estab=0 ddstcp=0 cpu= 2.3, 0.8,
disaster-dataset-gcs-1 [2026-08-27 04:17:00] procs=1 estab=0 ddstcp=0 cpu= 0.2,
disaster-dataset-robot-desktop-1 [2026-08-27 04:17:05] procs=2 estab=0 ddstcp=0 cpu= 2.4, 0.6,
disaster-dataset-robot-desktop-2 [2026-08-27 04:17:05] procs=2 estab=0 ddstcp=0 cpu= 2.0, 0.6,
disaster-dataset-robot-desktop-3 [2026-08-27 04:17:05] procs=2 estab=0 ddstcp=0 cpu= 2.5, 0.8,
disaster-dataset-gcs-1 [2026-08-27 04:17:06] procs=1 estab=0 ddstcp=0 cpu= 0.2,
disaster-dataset-robot-desktop-1 [2026-08-27 04:17:11] procs=2 estab=0 ddstcp=0 cpu= 2.5, 0.6,
disaster-dataset-robot-desktop-2 [2026-08-27 04:17:11] procs=2 estab=0 ddstcp=0 cpu= 2.1, 0.6,
disaster-dataset-robot-desktop-3 [2026-08-27 04:17:11] procs=2 estab=0 ddstcp=0 cpu= 2.6, 0.8,
disaster-dataset-gcs-1 [2026-08-27 04:17:11] procs=1 estab=0 ddstcp=0 cpu= 0.2,
disaster-dataset-robot-desktop-1 [2026-08-27 04:17:16] procs=2 estab=0 ddstcp=0 cpu= 2.6, 0.6,
disaster-dataset-robot-desktop-2 [2026-08-27 04:17:16] procs=2 estab=0 ddstcp=0 cpu= 2.1, 0.6,
disaster-dataset-robot-desktop-3 [2026-08-27 04:17:16] procs=2 estab=0 ddstcp=0 cpu= 2.7, 0.8,
disaster-dataset-gcs-1 [2026-08-27 04:17:16] procs=1 estab=0 ddstcp=0 cpu= 0.2,
disaster-dataset-robot-desktop-1 [2026-08-27 04:17:22] procs=2 estab=0 ddstcp=0 cpu= 2.7, 0.6,
disaster-dataset-robot-desktop-2 [2026-08-27 04:17:22] procs=2 estab=0 ddstcp=0 cpu= 2.2, 0.6,
disaster-dataset-robot-desktop-3 [2026-08-27 04:17:22] procs=2 estab=0 ddstcp=0 cpu= 2.8, 0.8,
disaster-dataset-gcs-1 [2026-08-27 04:17:22] procs=1 estab=0 ddstcp=0 cpu= 0.2,
disaster-dataset-robot-desktop-1 [2026-08-27 04:17:28] procs=2 estab=0 ddstcp=0 cpu= 2.8, 0.6,
disaster-dataset-robot-desktop-2 [2026-08-27 04:17:28] procs=2 estab=0 ddstcp=0 cpu= 2.3, 0.6,
disaster-dataset-robot-desktop-3 [2026-08-27 04:17:28] procs=2 estab=0 ddstcp=0 cpu= 2.9, 0.8,
disaster-dataset-gcs-1 [2026-08-27 04:17:28] procs=1 estab=0 ddstcp=0 cpu= 0.2,
disaster-dataset-robot-desktop-1 [2026-08-27 04:17:33] procs=2 estab=0 ddstcp=0 cpu= 2.9, 0.6,
disaster-dataset-robot-desktop-2 [2026-08-27 04:17:33] procs=2 estab=0 ddstcp=0 cpu= 2.4, 0.6,
disaster-dataset-robot-desktop-3 [2026-08-27 04:17:33] procs=2 estab=0 ddstcp=0 cpu= 3.0, 0.8,
disaster-dataset-gcs-1 [2026-08-27 04:17:33] procs=1 estab=0 ddstcp=0 cpu= 0.2,
disaster-dataset-robot-desktop-1 [2026-08-27 04:17:39] procs=2 estab=0 ddstcp=0 cpu= 3.0, 0.6,
disaster-dataset-robot-desktop-2 [2026-08-27 04:17:39] procs=2 estab=0 ddstcp=0 cpu= 2.4, 0.6,
disaster-dataset-robot-desktop-3 [2026-08-27 04:17:39] procs=2 estab=0 ddstcp=0 cpu= 3.1, 0.8,
disaster-dataset-gcs-1 [2026-08-27 04:17:39] procs=1 estab=0 ddstcp=0 cpu= 0.2,
disaster-dataset-robot-desktop-1 [2026-08-27 04:17:44] procs=2 estab=0 ddstcp=0 cpu= 3.1, 0.6,
disaster-dataset-robot-desktop-2 [2026-08-27 04:17:44] procs=2 estab=0 ddstcp=0 cpu= 2.5, 0.6,
disaster-dataset-robot-desktop-3 [2026-08-27 04:17:44] procs=2 estab=0 ddstcp=0 cpu= 3.2, 0.7,
disaster-dataset-gcs-1 [2026-08-27 04:17:44] procs=1 estab=0 ddstcp=0 cpu= 0.2,
disaster-dataset-robot-desktop-1 [2026-08-27 04:17:50] procs=2 estab=0 ddstcp=0 cpu= 3.1, 0.6,
disaster-dataset-robot-desktop-2 [2026-08-27 04:17:50] procs=2 estab=0 ddstcp=0 cpu= 2.5, 0.6,
disaster-dataset-robot-desktop-3 [2026-08-27 04:17:50] procs=2 estab=0 ddstcp=0 cpu= 3.2, 0.7,
disaster-dataset-gcs-1 [2026-08-27 04:17:50] procs=1 estab=0 ddstcp=0 cpu= 0.2,
disaster-dataset-robot-desktop-1 [2026-08-27 04:17:55] procs=2 estab=0 ddstcp=0 cpu= 3.0, 0.6,
disaster-dataset-robot-desktop-2 [2026-08-27 04:17:55] procs=2 estab=0 ddstcp=0 cpu= 2.5, 0.6,
disaster-dataset-robot-desktop-3 [2026-08-27 04:17:55] procs=2 estab=0 ddstcp=0 cpu= 3.1, 0.7,
disaster-dataset-gcs-1 [2026-08-27 04:17:55] procs=1 estab=0 ddstcp=0 cpu= 0.2,
disaster-dataset-robot-desktop-1 [2026-08-27 04:18:00] procs=2 estab=0 ddstcp=0 cpu= 3.0, 0.6,
disaster-dataset-robot-desktop-2 [2026-08-27 04:18:00] procs=2 estab=0 ddstcp=0 cpu= 2.4, 0.6,
disaster-dataset-robot-desktop-3 [2026-08-27 04:18:00] procs=2 estab=0 ddstcp=0 cpu= 3.1, 0.7,
disaster-dataset-gcs-1 [2026-08-27 04:18:00] procs=1 estab=0 ddstcp=0 cpu= 0.2,
disaster-dataset-robot-desktop-1 [2026-08-27 04:18:06] procs=2 estab=0 ddstcp=0 cpu= 2.9, 0.6,
disaster-dataset-robot-desktop-2 [2026-08-27 04:18:06] procs=2 estab=0 ddstcp=0 cpu= 2.4, 0.6,
disaster-dataset-robot-desktop-3 [2026-08-27 04:18:06] procs=2 estab=0 ddstcp=0 cpu= 3.0, 0.7,
disaster-dataset-gcs-1 [2026-08-27 04:18:06] procs=1 estab=0 ddstcp=0 cpu= 0.2,
disaster-dataset-robot-desktop-1 [2026-08-27 04:18:11] procs=2 estab=0 ddstcp=0 cpu= 2.9, 0.6,
disaster-dataset-robot-desktop-2 [2026-08-27 04:18:11] procs=2 estab=0 ddstcp=0 cpu= 2.4, 0.6,
disaster-dataset-robot-desktop-3 [2026-08-27 04:18:11] procs=2 estab=0 ddstcp=0 cpu= 3.0, 0.7,
disaster-dataset-gcs-1 [2026-08-27 04:18:11] procs=1 estab=0 ddstcp=0 cpu= 0.2,
disaster-dataset-robot-desktop-1 [2026-08-27 04:18:16] procs=2 estab=0 ddstcp=0 cpu= 2.8, 0.5,
disaster-dataset-robot-desktop-2 [2026-08-27 04:18:16] procs=2 estab=0 ddstcp=0 cpu= 2.3, 0.6,
disaster-dataset-robot-desktop-3 [2026-08-27 04:18:16] procs=2 estab=0 ddstcp=0 cpu= 2.9, 0.7,
disaster-dataset-gcs-1 [2026-08-27 04:18:16] procs=1 estab=0 ddstcp=0 cpu= 0.2,
disaster-dataset-robot-desktop-1 [2026-08-27 04:18:21] procs=2 estab=0 ddstcp=0 cpu= 2.8, 0.5,
disaster-dataset-robot-desktop-2 [2026-08-27 04:18:21] procs=2 estab=0 ddstcp=0 cpu= 2.3, 0.6,
disaster-dataset-robot-desktop-3 [2026-08-27 04:18:21] procs=2 estab=0 ddstcp=0 cpu= 2.9, 0.7,
disaster-dataset-gcs-1 [2026-08-27 04:18:21] procs=1 estab=0 ddstcp=0 cpu= 0.2,
disaster-dataset-robot-desktop-1 [2026-08-27 04:18:27] procs=2 estab=0 ddstcp=0 cpu= 2.7, 0.5,
disaster-dataset-robot-desktop-2 [2026-08-27 04:18:27] procs=2 estab=0 ddstcp=0 cpu= 2.2, 0.6,
disaster-dataset-robot-desktop-3 [2026-08-27 04:18:27] procs=2 estab=0 ddstcp=0 cpu= 2.8, 0.7,
disaster-dataset-gcs-1 [2026-08-27 04:18:27] procs=1 estab=0 ddstcp=0 cpu= 0.2,
disaster-dataset-robot-desktop-1 [2026-08-27 04:18:32] procs=2 estab=0 ddstcp=0 cpu= 2.7, 0.5,
disaster-dataset-robot-desktop-2 [2026-08-27 04:18:32] procs=0 estab=0 ddstcp=0 cpu=
disaster-dataset-robot-desktop-3 [2026-08-27 04:18:32] procs=2 estab=0 ddstcp=0 cpu= 2.8, 0.7,
disaster-dataset-gcs-1 [2026-08-27 04:18:32] procs=1 estab=0 ddstcp=0 cpu= 0.2,
disaster-dataset-robot-desktop-1 [2026-08-27 04:18:37] procs=2 estab=0 ddstcp=0 cpu= 2.6, 0.5,
disaster-dataset-robot-desktop-2 [2026-08-27 04:18:37] procs=0 estab=0 ddstcp=0 cpu=
disaster-dataset-robot-desktop-3 [2026-08-27 04:18:37] procs=2 estab=0 ddstcp=0 cpu= 2.8, 0.7,
disaster-dataset-gcs-1 [2026-08-27 04:18:38] procs=1 estab=0 ddstcp=0 cpu= 0.2,
disaster-dataset-robot-desktop-1 [2026-08-27 04:18:43] procs=2 estab=0 ddstcp=0 cpu= 2.7, 0.5,
disaster-dataset-robot-desktop-2 [2026-08-27 04:18:43] procs=0 estab=0 ddstcp=0 cpu=
disaster-dataset-robot-desktop-3 [2026-08-27 04:18:43] procs=2 estab=0 ddstcp=0 cpu= 2.8, 0.7,
disaster-dataset-gcs-1 [2026-08-27 04:18:43] procs=1 estab=0 ddstcp=0 cpu= 0.2,
disaster-dataset-robot-desktop-1 [2026-08-27 04:18:49] procs=2 estab=0 ddstcp=0 cpu= 2.7, 0.5,
disaster-dataset-robot-desktop-2 [2026-08-27 04:18:49] procs=0 estab=0 ddstcp=0 cpu=
disaster-dataset-robot-desktop-3 [2026-08-27 04:18:49] procs=2 estab=0 ddstcp=0 cpu= 2.8, 0.7,
disaster-dataset-gcs-1 [2026-08-27 04:18:49] procs=1 estab=0 ddstcp=0 cpu= 0.2,
disaster-dataset-robot-desktop-1 [2026-08-27 04:18:54] procs=2 estab=0 ddstcp=0 cpu= 2.8, 0.5,
disaster-dataset-robot-desktop-2 [2026-08-27 04:18:54] procs=0 estab=0 ddstcp=0 cpu=
disaster-dataset-robot-desktop-3 [2026-08-27 04:18:54] procs=2 estab=0 ddstcp=0 cpu= 2.9, 0.7,
disaster-dataset-gcs-1 [2026-08-27 04:18:55] procs=1 estab=0 ddstcp=0 cpu= 0.2,
disaster-dataset-robot-desktop-1 [2026-08-27 04:19:01] procs=2 estab=0 ddstcp=0 cpu= 2.9, 0.5,
disaster-dataset-robot-desktop-2 [2026-08-27 04:19:01] procs=2 estab=0 ddstcp=0 cpu=12.7, 9.3,
disaster-dataset-robot-desktop-3 [2026-08-27 04:19:01] procs=2 estab=0 ddstcp=0 cpu= 2.9, 0.7,
disaster-dataset-gcs-1 [2026-08-27 04:19:01] procs=1 estab=0 ddstcp=0 cpu= 0.2,
disaster-dataset-robot-desktop-1 [2026-08-27 04:19:06] procs=2 estab=0 ddstcp=0 cpu= 2.9, 0.5,
disaster-dataset-robot-desktop-2 [2026-08-27 04:19:06] procs=2 estab=0 ddstcp=0 cpu=12.1, 5.6,
disaster-dataset-robot-desktop-3 [2026-08-27 04:19:06] procs=2 estab=0 ddstcp=0 cpu= 3.0, 0.7,
disaster-dataset-gcs-1 [2026-08-27 04:19:07] procs=1 estab=0 ddstcp=0 cpu= 0.2,
disaster-dataset-robot-desktop-1 [2026-08-27 04:19:12] procs=2 estab=0 ddstcp=0 cpu= 3.0, 0.5,
disaster-dataset-robot-desktop-2 [2026-08-27 04:19:12] procs=2 estab=0 ddstcp=0 cpu= 9.8, 3.4,
disaster-dataset-robot-desktop-3 [2026-08-27 04:19:12] procs=2 estab=0 ddstcp=0 cpu= 3.0, 0.7,
disaster-dataset-gcs-1 [2026-08-27 04:19:12] procs=1 estab=0 ddstcp=0 cpu= 0.2,
disaster-dataset-robot-desktop-1 [2026-08-27 04:19:17] procs=2 estab=0 ddstcp=0 cpu= 3.0, 0.5,
disaster-dataset-robot-desktop-2 [2026-08-27 04:19:17] procs=2 estab=0 ddstcp=0 cpu= 9.0, 2.7,
disaster-dataset-robot-desktop-3 [2026-08-27 04:19:18] procs=2 estab=0 ddstcp=0 cpu= 3.0, 0.7,
disaster-dataset-gcs-1 [2026-08-27 04:19:18] procs=1 estab=0 ddstcp=0 cpu= 0.2,
disaster-dataset-robot-desktop-1 [2026-08-27 04:19:23] procs=2 estab=0 ddstcp=0 cpu= 3.0, 0.5,
disaster-dataset-robot-desktop-2 [2026-08-27 04:19:23] procs=2 estab=0 ddstcp=0 cpu= 8.6, 2.1,
disaster-dataset-robot-desktop-3 [2026-08-27 04:19:23] procs=2 estab=0 ddstcp=0 cpu= 3.1, 0.7,
disaster-dataset-gcs-1 [2026-08-27 04:19:23] procs=1 estab=0 ddstcp=0 cpu= 0.2,
disaster-dataset-robot-desktop-1 [2026-08-27 04:19:28] procs=2 estab=0 ddstcp=0 cpu= 3.1, 0.5,
disaster-dataset-robot-desktop-2 [2026-08-27 04:19:29] procs=2 estab=0 ddstcp=0 cpu= 8.4, 1.9,
disaster-dataset-robot-desktop-3 [2026-08-27 04:19:29] procs=2 estab=0 ddstcp=0 cpu= 3.1, 0.7,
disaster-dataset-gcs-1 [2026-08-27 04:19:29] procs=1 estab=0 ddstcp=0 cpu= 0.2,
disaster-dataset-robot-desktop-1 [2026-08-27 04:19:35] procs=2 estab=0 ddstcp=0 cpu= 3.1, 0.5,
disaster-dataset-robot-desktop-2 [2026-08-27 04:19:35] procs=2 estab=0 ddstcp=0 cpu= 8.1, 1.7,
disaster-dataset-robot-desktop-3 [2026-08-27 04:19:35] procs=2 estab=0 ddstcp=0 cpu= 3.1, 0.7,
disaster-dataset-gcs-1 [2026-08-27 04:19:35] procs=1 estab=0 ddstcp=0 cpu= 0.2,
disaster-dataset-robot-desktop-1 [2026-08-27 04:19:40] procs=2 estab=0 ddstcp=0 cpu= 3.2, 0.5,
disaster-dataset-robot-desktop-2 [2026-08-27 04:19:40] procs=2 estab=0 ddstcp=0 cpu= 7.9, 1.5,
disaster-dataset-robot-desktop-3 [2026-08-27 04:19:41] procs=2 estab=0 ddstcp=0 cpu= 3.2, 0.7,
disaster-dataset-gcs-1 [2026-08-27 04:19:41] procs=1 estab=0 ddstcp=0 cpu= 0.2,
disaster-dataset-robot-desktop-1 [2026-08-27 04:19:46] procs=2 estab=0 ddstcp=0 cpu= 3.2, 0.5,
disaster-dataset-robot-desktop-2 [2026-08-27 04:19:46] procs=2 estab=0 ddstcp=0 cpu= 7.7, 1.4,
disaster-dataset-robot-desktop-3 [2026-08-27 04:19:46] procs=2 estab=0 ddstcp=0 cpu= 3.2, 0.7,
disaster-dataset-gcs-1 [2026-08-27 04:19:46] procs=1 estab=0 ddstcp=0 cpu= 0.2,
disaster-dataset-robot-desktop-1 [2026-08-27 04:19:51] procs=2 estab=0 ddstcp=0 cpu= 3.3, 0.5,
disaster-dataset-robot-desktop-2 [2026-08-27 04:19:52] procs=2 estab=0 ddstcp=0 cpu= 7.6, 1.3,
disaster-dataset-robot-desktop-3 [2026-08-27 04:19:52] procs=2 estab=0 ddstcp=0 cpu= 3.2, 0.7,
disaster-dataset-gcs-1 [2026-08-27 04:19:52] procs=1 estab=0 ddstcp=0 cpu= 0.2,
disaster-dataset-robot-desktop-1 [2026-08-27 04:19:57] procs=2 estab=0 ddstcp=0 cpu= 3.3, 0.5,
disaster-dataset-robot-desktop-2 [2026-08-27 04:19:57] procs=2 estab=0 ddstcp=0 cpu= 7.5, 1.3,
disaster-dataset-robot-desktop-3 [2026-08-27 04:19:57] procs=2 estab=0 ddstcp=0 cpu= 3.3, 0.7,
disaster-dataset-gcs-1 [2026-08-27 04:19:58] procs=1 estab=0 ddstcp=0 cpu= 0.2,
disaster-dataset-robot-desktop-1 [2026-08-27 04:20:03] procs=2 estab=0 ddstcp=0 cpu= 3.3, 0.5,
disaster-dataset-robot-desktop-2 [2026-08-27 04:20:03] procs=2 estab=0 ddstcp=0 cpu= 7.4, 1.2,
disaster-dataset-robot-desktop-3 [2026-08-27 04:20:03] procs=2 estab=0 ddstcp=0 cpu= 3.3, 0.7,
disaster-dataset-gcs-1 [2026-08-27 04:20:03] procs=1 estab=0 ddstcp=0 cpu= 0.2,
disaster-dataset-robot-desktop-1 [2026-08-27 04:20:09] procs=2 estab=0 ddstcp=0 cpu= 3.4, 0.5,
disaster-dataset-robot-desktop-2 [2026-08-27 04:20:09] procs=2 estab=0 ddstcp=0 cpu= 7.2, 1.1,
disaster-dataset-robot-desktop-3 [2026-08-27 04:20:09] procs=2 estab=0 ddstcp=0 cpu= 3.3, 0.7,
disaster-dataset-gcs-1 [2026-08-27 04:20:10] procs=1 estab=0 ddstcp=0 cpu= 0.2,
disaster-dataset-robot-desktop-1 [2026-08-27 04:20:15] procs=2 estab=0 ddstcp=0 cpu= 3.4, 0.5,
disaster-dataset-robot-desktop-2 [2026-08-27 04:20:15] procs=2 estab=0 ddstcp=0 cpu= 7.2, 1.1,
disaster-dataset-robot-desktop-3 [2026-08-27 04:20:15] procs=2 estab=0 ddstcp=0 cpu= 3.4, 0.7,
disaster-dataset-gcs-1 [2026-08-27 04:20:15] procs=1 estab=0 ddstcp=0 cpu= 0.2,
disaster-dataset-robot-desktop-1 [2026-08-27 04:20:20] procs=2 estab=0 ddstcp=0 cpu= 3.4, 0.5,
disaster-dataset-robot-desktop-2 [2026-08-27 04:20:21] procs=2 estab=0 ddstcp=0 cpu= 7.1, 1.0,
disaster-dataset-robot-desktop-3 [2026-08-27 04:20:21] procs=2 estab=0 ddstcp=0 cpu= 3.4, 0.7,
disaster-dataset-gcs-1 [2026-08-27 04:20:21] procs=1 estab=0 ddstcp=0 cpu= 0.2,
disaster-dataset-robot-desktop-1 [2026-08-27 04:20:26] procs=2 estab=0 ddstcp=0 cpu= 3.4, 0.5,
disaster-dataset-robot-desktop-2 [2026-08-27 04:20:26] procs=2 estab=0 ddstcp=0 cpu= 7.0, 1.0,
disaster-dataset-robot-desktop-3 [2026-08-27 04:20:26] procs=2 estab=0 ddstcp=0 cpu= 3.4, 0.7,
disaster-dataset-gcs-1 [2026-08-27 04:20:26] procs=1 estab=0 ddstcp=0 cpu= 0.2,
disaster-dataset-robot-desktop-1 [2026-08-27 04:20:32] procs=2 estab=0 ddstcp=0 cpu= 3.5, 0.5,
disaster-dataset-robot-desktop-2 [2026-08-27 04:20:32] procs=2 estab=0 ddstcp=0 cpu= 7.0, 0.9,
disaster-dataset-robot-desktop-3 [2026-08-27 04:20:32] procs=2 estab=0 ddstcp=0 cpu= 3.4, 0.7,
disaster-dataset-gcs-1 [2026-08-27 04:20:32] procs=1 estab=0 ddstcp=0 cpu= 0.2,
disaster-dataset-robot-desktop-1 [2026-08-27 04:20:37] procs=2 estab=0 ddstcp=0 cpu= 3.5, 0.5,
disaster-dataset-robot-desktop-2 [2026-08-27 04:20:38] procs=2 estab=0 ddstcp=0 cpu= 6.9, 0.9,
disaster-dataset-robot-desktop-3 [2026-08-27 04:20:38] procs=2 estab=0 ddstcp=0 cpu= 3.4, 0.7,
disaster-dataset-gcs-1 [2026-08-27 04:20:38] procs=1 estab=0 ddstcp=0 cpu= 0.2,
disaster-dataset-robot-desktop-1 [2026-08-27 04:20:44] procs=2 estab=0 ddstcp=0 cpu= 3.5, 0.5,
disaster-dataset-robot-desktop-2 [2026-08-27 04:20:44] procs=2 estab=0 ddstcp=0 cpu= 6.8, 0.9,
disaster-dataset-robot-desktop-3 [2026-08-27 04:20:44] procs=2 estab=0 ddstcp=0 cpu= 3.4, 0.7,
disaster-dataset-gcs-1 [2026-08-27 04:20:44] procs=1 estab=0 ddstcp=0 cpu= 0.2,
disaster-dataset-robot-desktop-1 [2026-08-27 04:20:49] procs=2 estab=0 ddstcp=0 cpu= 3.5, 0.5,
disaster-dataset-robot-desktop-2 [2026-08-27 04:20:49] procs=2 estab=0 ddstcp=0 cpu= 6.7, 0.8,
disaster-dataset-robot-desktop-3 [2026-08-27 04:20:50] procs=2 estab=0 ddstcp=0 cpu= 3.4, 0.7,
disaster-dataset-gcs-1 [2026-08-27 04:20:50] procs=1 estab=0 ddstcp=0 cpu= 0.2,
disaster-dataset-robot-desktop-1 [2026-08-27 04:20:55] procs=2 estab=0 ddstcp=0 cpu= 3.6, 0.5,
disaster-dataset-robot-desktop-2 [2026-08-27 04:20:55] procs=2 estab=0 ddstcp=0 cpu= 6.7, 0.8,
disaster-dataset-robot-desktop-3 [2026-08-27 04:20:55] procs=2 estab=0 ddstcp=0 cpu= 3.5, 0.7,
disaster-dataset-gcs-1 [2026-08-27 04:20:55] procs=1 estab=0 ddstcp=0 cpu= 0.2,
disaster-dataset-robot-desktop-1 [2026-08-27 04:21:01] procs=2 estab=0 ddstcp=0 cpu= 3.6, 0.5,
disaster-dataset-robot-desktop-2 [2026-08-27 04:21:01] procs=2 estab=0 ddstcp=0 cpu= 6.6, 0.8,
disaster-dataset-robot-desktop-3 [2026-08-27 04:21:01] procs=2 estab=0 ddstcp=0 cpu= 3.5, 0.7,
disaster-dataset-gcs-1 [2026-08-27 04:21:01] procs=1 estab=0 ddstcp=0 cpu= 0.2,
disaster-dataset-robot-desktop-1 [2026-08-27 04:21:06] procs=2 estab=0 ddstcp=0 cpu= 3.6, 0.5,
disaster-dataset-robot-desktop-2 [2026-08-27 04:21:06] procs=2 estab=0 ddstcp=0 cpu= 6.6, 0.8,
disaster-dataset-robot-desktop-3 [2026-08-27 04:21:07] procs=2 estab=0 ddstcp=0 cpu= 3.5, 0.7,
disaster-dataset-gcs-1 [2026-08-27 04:21:07] procs=1 estab=0 ddstcp=0 cpu= 0.2,
disaster-dataset-robot-desktop-1 [2026-08-27 04:21:12] procs=2 estab=0 ddstcp=0 cpu= 3.6, 0.5,
disaster-dataset-robot-desktop-2 [2026-08-27 04:21:12] procs=2 estab=0 ddstcp=0 cpu= 6.5, 0.8,
disaster-dataset-robot-desktop-3 [2026-08-27 04:21:12] procs=2 estab=0 ddstcp=0 cpu= 3.5, 0.7,
disaster-dataset-gcs-1 [2026-08-27 04:21:12] procs=1 estab=0 ddstcp=0 cpu= 0.3,
disaster-dataset-robot-desktop-1 [2026-08-27 04:21:18] procs=2 estab=0 ddstcp=0 cpu= 3.6, 0.5,
disaster-dataset-robot-desktop-2 [2026-08-27 04:21:18] procs=2 estab=0 ddstcp=0 cpu= 6.5, 0.8,
disaster-dataset-robot-desktop-3 [2026-08-27 04:21:18] procs=2 estab=0 ddstcp=0 cpu= 3.5, 0.7,
disaster-dataset-gcs-1 [2026-08-27 04:21:19] procs=1 estab=0 ddstcp=0 cpu= 0.3,
disaster-dataset-robot-desktop-1 [2026-08-27 04:21:24] procs=2 estab=0 ddstcp=0 cpu= 3.7, 0.5,
disaster-dataset-robot-desktop-2 [2026-08-27 04:21:24] procs=2 estab=0 ddstcp=0 cpu= 6.5, 0.7,
disaster-dataset-robot-desktop-3 [2026-08-27 04:21:24] procs=2 estab=0 ddstcp=0 cpu= 3.5, 0.7,
disaster-dataset-gcs-1 [2026-08-27 04:21:24] procs=1 estab=0 ddstcp=0 cpu= 0.3,
disaster-dataset-robot-desktop-1 [2026-08-27 04:21:30] procs=2 estab=0 ddstcp=0 cpu= 3.7, 0.5,
disaster-dataset-robot-desktop-2 [2026-08-27 04:21:30] procs=2 estab=0 ddstcp=0 cpu= 6.4, 0.7,
disaster-dataset-robot-desktop-3 [2026-08-27 04:21:30] procs=2 estab=0 ddstcp=0 cpu= 3.5, 0.7,
disaster-dataset-gcs-1 [2026-08-27 04:21:30] procs=1 estab=0 ddstcp=0 cpu= 0.3,
disaster-dataset-robot-desktop-1 [2026-08-27 04:21:35] procs=2 estab=0 ddstcp=0 cpu= 3.7, 0.5,
disaster-dataset-robot-desktop-2 [2026-08-27 04:21:35] procs=2 estab=0 ddstcp=0 cpu= 6.4, 0.7,
disaster-dataset-robot-desktop-3 [2026-08-27 04:21:35] procs=2 estab=0 ddstcp=0 cpu= 3.6, 0.7,
disaster-dataset-gcs-1 [2026-08-27 04:21:36] procs=1 estab=0 ddstcp=0 cpu= 0.3,
disaster-dataset-robot-desktop-1 [2026-08-27 04:21:41] procs=2 estab=0 ddstcp=0 cpu= 3.7, 0.5,
disaster-dataset-robot-desktop-2 [2026-08-27 04:21:41] procs=2 estab=0 ddstcp=0 cpu= 6.4, 0.7,
disaster-dataset-robot-desktop-3 [2026-08-27 04:21:41] procs=2 estab=0 ddstcp=0 cpu= 3.6, 0.7,
disaster-dataset-gcs-1 [2026-08-27 04:21:41] procs=1 estab=0 ddstcp=0 cpu= 0.3,
disaster-dataset-robot-desktop-1 [2026-08-27 04:21:46] procs=2 estab=0 ddstcp=0 cpu= 3.7, 0.5,
disaster-dataset-robot-desktop-2 [2026-08-27 04:21:47] procs=2 estab=0 ddstcp=0 cpu= 6.3, 0.7,
disaster-dataset-robot-desktop-3 [2026-08-27 04:21:47] procs=2 estab=0 ddstcp=0 cpu= 3.6, 0.7,
disaster-dataset-gcs-1 [2026-08-27 04:21:47] procs=1 estab=0 ddstcp=0 cpu= 0.3,
disaster-dataset-robot-desktop-1 [2026-08-27 04:21:53] procs=2 estab=0 ddstcp=0 cpu= 3.8, 0.5,
disaster-dataset-robot-desktop-2 [2026-08-27 04:21:53] procs=2 estab=0 ddstcp=0 cpu= 6.3, 0.7,
disaster-dataset-robot-desktop-3 [2026-08-27 04:21:53] procs=2 estab=0 ddstcp=0 cpu= 3.6, 0.7,
disaster-dataset-gcs-1 [2026-08-27 04:21:53] procs=1 estab=0 ddstcp=0 cpu= 0.3,
disaster-dataset-robot-desktop-1 [2026-08-27 04:21:58] procs=2 estab=0 ddstcp=0 cpu= 3.8, 0.5,
disaster-dataset-robot-desktop-2 [2026-08-27 04:21:59] procs=2 estab=0 ddstcp=0 cpu= 6.3, 0.7,
disaster-dataset-robot-desktop-3 [2026-08-27 04:21:59] procs=2 estab=0 ddstcp=0 cpu= 3.6, 0.7,
disaster-dataset-gcs-1 [2026-08-27 04:21:59] procs=1 estab=0 ddstcp=0 cpu= 0.3,
